// Jest Snapshot v1, https://goo.gl/fbAQLP

exports[`SellNFT: fetchDataSellNFT 1`] = `
{
  "bornAt": 1591388241,
  "extraState": {
    "hasInteraction": [Function],
    "receiverHasTransfer": [Function],
  },
  "hasInteraction": true,
  "id": "0xeaf5453b329eb38be159a872a6ce91c9a8fb0260",
  "protocol": {
    "id": "uniswap2",
    "logo_url": "https://static.debank.com/image/project/logo_url/uniswap2/87a541b3b83b041c8d12119e5a0d19f0.png",
    "name": "Uniswap V2",
  },
  "rank": 65,
  "receiverInWallet": false,
  "sender": "0x5853ed4f26a3fcea565b3fbc698bb19cdf6deb85",
  "unexpectedAddr": null,
}
`;

exports[`SellNFT: fetchDataSellNFT 2`] = `
{
  "bornAt": 1591388241,
  "extraState": {
    "hasInteraction": [Function],
    "receiverHasTransfer": [Function],
  },
  "hasInteraction": true,
  "id": "0xeaf5453b329eb38be159a872a6ce91c9a8fb0260",
  "protocol": {
    "id": "uniswap2",
    "logo_url": "https://static.debank.com/image/project/logo_url/uniswap2/87a541b3b83b041c8d12119e5a0d19f0.png",
    "name": "Uniswap V2",
  },
  "rank": 65,
  "receiverInWallet": false,
  "sender": "0x5853ed4f26a3fcea565b3fbc698bb19cdf6deb85",
  "unexpectedAddr": null,
}
`;

exports[`SellNFT: formatSecurityEngineSellNFT 1`] = `
{
  "sellNFT": {
    "chainId": "eth",
    "from": "0x5853ed4f26a3fcea565b3fbc698bb19cdf6deb85",
    "id": "0xeaf5453b329eb38be159a872a6ce91c9a8fb0260",
    "receiveTokenIsFake": false,
    "receiveTokenIsScam": false,
    "receiver": "0xfac07fa759cae79cf85fa4f7c947ace0a2d5ed8c",
    "specificBuyer": undefined,
  },
}
`;

exports[`SellNFT: formatSecurityEngineSellNFT 2`] = `
{
  "sellNFT": {
    "chainId": "eth",
    "from": "0x5853ed4f26a3fcea565b3fbc698bb19cdf6deb85",
    "id": "0xeaf5453b329eb38be159a872a6ce91c9a8fb0260",
    "receiveTokenIsFake": false,
    "receiveTokenIsScam": false,
    "receiver": "0xfac07fa759cae79cf85fa4f7c947ace0a2d5ed8c",
    "specificBuyer": undefined,
  },
}
`;

exports[`SellNFT: parseActionSellNFT 1`] = `
{
  "actionType": "sell_nft_order",
  "brand": undefined,
  "chainId": 137,
  "contractId": "0xeaf5453b329eb38be159a872a6ce91c9a8fb0260",
  "sellNFT": {
    "expire_at": 4.523128485832664e+74,
    "pay_nft": {
      "amount": 90,
      "attributes": [],
      "chain": "matic",
      "collection": {
        "chain": "matic",
        "credit_score": null,
        "description": null,
        "floor_price": 0,
        "id": "matic:0xf494d8c3a421b6175cb1d89ea70715e1932637a9",
        "is_core": false,
        "is_scam": true,
        "is_suspicious": false,
        "is_verified": true,
        "logo_url": "",
        "name": "PLANT.z - BLOOMER",
      },
      "collection_id": "matic:0xf494d8c3a421b6175cb1d89ea70715e1932637a9",
      "content": "",
      "content_type": null,
      "contract_id": "0xf494d8c3a421b6175cb1d89ea70715e1932637a9",
      "description": null,
      "detail_url": "https://opensea.io/assets/0xf494d8c3a421b6175cb1d89ea70715e1932637a9/1",
      "id": "2374a8d8f35ed510c74ad7838f06a322",
      "inner_id": "1",
      "is_erc1155": true,
      "is_erc721": false,
      "name": "#1",
      "pay_token": null,
      "symbol": "PLANT",
      "thumbnail_url": "",
      "total_supply": 420,
    },
    "receive_token": {
      "amount": 41.454,
      "chain": "matic",
      "credit_score": 100000000,
      "decimals": 18,
      "display_symbol": null,
      "id": "matic",
      "is_core": true,
      "is_scam": false,
      "is_suspicious": false,
      "is_verified": true,
      "is_wallet": true,
      "logo_url": "https://static.debank.com/image/matic_token/logo_url/matic/6f5a6b6f0732a7a235131bd7804d357c.png",
      "name": "MATIC",
      "optimized_symbol": "MATIC",
      "price": 0.525,
      "price_24h_change": -0.06766116142781037,
      "protocol_id": "",
      "raw_amount": "41454000000000000000",
      "symbol": "MATIC",
      "time_at": null,
    },
    "receiver": "0xfac07fa759cae79cf85fa4f7c947ace0a2d5ed8c",
    "takers": [],
  },
  "sender": "0x5853ed4f26a3fcea565b3fbc698bb19cdf6deb85",
}
`;

exports[`SellNFT: parseActionSellNFT 2`] = `
{
  "actionType": "sell_nft_order",
  "brand": undefined,
  "chainId": 137,
  "contractId": "0xeaf5453b329eb38be159a872a6ce91c9a8fb0260",
  "sellNFT": {
    "expire_at": 4.523128485832664e+74,
    "pay_nft": {
      "amount": 90,
      "attributes": [],
      "chain": "matic",
      "collection": {
        "chain": "matic",
        "credit_score": null,
        "description": null,
        "floor_price": 0,
        "id": "matic:0xf494d8c3a421b6175cb1d89ea70715e1932637a9",
        "is_core": false,
        "is_scam": true,
        "is_suspicious": false,
        "is_verified": true,
        "logo_url": "",
        "name": "PLANT.z - BLOOMER",
      },
      "collection_id": "matic:0xf494d8c3a421b6175cb1d89ea70715e1932637a9",
      "content": "",
      "content_type": null,
      "contract_id": "0xf494d8c3a421b6175cb1d89ea70715e1932637a9",
      "description": null,
      "detail_url": "https://opensea.io/assets/0xf494d8c3a421b6175cb1d89ea70715e1932637a9/1",
      "id": "2374a8d8f35ed510c74ad7838f06a322",
      "inner_id": "1",
      "is_erc1155": true,
      "is_erc721": false,
      "name": "#1",
      "pay_token": null,
      "symbol": "PLANT",
      "thumbnail_url": "",
      "total_supply": 420,
    },
    "receive_token": {
      "amount": 41.454,
      "chain": "matic",
      "credit_score": 100000000,
      "decimals": 18,
      "display_symbol": null,
      "id": "matic",
      "is_core": true,
      "is_scam": false,
      "is_suspicious": false,
      "is_verified": true,
      "is_wallet": true,
      "logo_url": "https://static.debank.com/image/matic_token/logo_url/matic/6f5a6b6f0732a7a235131bd7804d357c.png",
      "name": "MATIC",
      "optimized_symbol": "MATIC",
      "price": 0.525,
      "price_24h_change": -0.06766116142781037,
      "protocol_id": "",
      "raw_amount": "41454000000000000000",
      "symbol": "MATIC",
      "time_at": null,
    },
    "receiver": "0xfac07fa759cae79cf85fa4f7c947ace0a2d5ed8c",
    "takers": [],
  },
  "sender": "0x5853ed4f26a3fcea565b3fbc698bb19cdf6deb85",
}
`;
