// Jest Snapshot v1, https://goo.gl/fbAQLP

exports[`CoboSafeModificationRole: fetchDataCoboSafeModificationRole 1`] = `{}`;

exports[`CoboSafeModificationRole: fetchDataCoboSafeModificationRole 2`] = `
{
  "bornAt": 1591388241,
  "extraState": {
    "hasInteraction": [Function],
    "receiverHasTransfer": [Function],
  },
  "hasInteraction": true,
  "id": "0xc30fa458dd05dc162cf0a542794e9e9152aa8293",
  "protocol": {
    "id": "uniswap2",
    "logo_url": "https://static.debank.com/image/project/logo_url/uniswap2/87a541b3b83b041c8d12119e5a0d19f0.png",
    "name": "Uniswap V2",
  },
  "rank": 65,
  "receiverInWallet": false,
  "sender": "0x5853ed4f26a3fcea565b3fbc698bb19cdf6deb85",
  "unexpectedAddr": null,
}
`;

exports[`CoboSafeModificationRole: formatSecurityEngineCoboSafeModificationRole 1`] = `{}`;

exports[`CoboSafeModificationRole: formatSecurityEngineCoboSafeModificationRole 2`] = `{}`;

exports[`CoboSafeModificationRole: parseActionCoboSafeModificationRole 1`] = `
{
  "actionType": "submit_safe_role_modification",
  "brand": {
    "logo_url": "https://static.debank.com/image/project/logo_url/cobo/9dfd569ee11a8fbf7f981a41f012ed64.png",
    "name": "Cobo Argus",
  },
  "chainId": "56",
  "coboSafeModificationRole": {
    "brand": {
      "logo_url": "https://static.debank.com/image/project/logo_url/cobo/9dfd569ee11a8fbf7f981a41f012ed64.png",
      "name": "Cobo Argus",
    },
    "desc": "You're managing the Safe Role (333)",
    "multisig_id": "0xc30fa458dd05dc162cf0a542794e9e9152aa8293",
  },
  "contractId": "0xc30fa458dd05dc162cf0a542794e9e9152aa8293",
  "sender": "0x5853ed4f26a3fcea565b3fbc698bb19cdf6deb85",
}
`;

exports[`CoboSafeModificationRole: parseActionCoboSafeModificationRole 2`] = `
{
  "actionType": "submit_safe_role_modification",
  "brand": {
    "logo_url": "https://static.debank.com/image/project/logo_url/cobo/9dfd569ee11a8fbf7f981a41f012ed64.png",
    "name": "Cobo Argus",
  },
  "chainId": "56",
  "coboSafeModificationRole": {
    "brand": {
      "logo_url": "https://static.debank.com/image/project/logo_url/cobo/9dfd569ee11a8fbf7f981a41f012ed64.png",
      "name": "Cobo Argus",
    },
    "desc": "You're managing the Safe Role (333)",
    "multisig_id": "0xc30fa458dd05dc162cf0a542794e9e9152aa8293",
  },
  "contractId": "0xc30fa458dd05dc162cf0a542794e9e9152aa8293",
  "sender": "0x5853ed4f26a3fcea565b3fbc698bb19cdf6deb85",
}
`;
