// Jest Snapshot v1, https://goo.gl/fbAQLP

exports[`CancelTx: fetchDataCancelTx 1`] = `
{
  "pendingTxs": [],
}
`;

exports[`CancelTx: fetchDataCancelTx 2`] = `
{
  "pendingTxs": [],
}
`;

exports[`CancelTx: formatSecurityEngineCancelTx 1`] = `{}`;

exports[`CancelTx: formatSecurityEngineCancelTx 2`] = `{}`;

exports[`CancelTx: parseActionCancelTx 1`] = `
{
  "cancelTx": {
    "nonce": "0x1691",
  },
}
`;

exports[`CancelTx: parseActionCancelTx 2`] = `
{
  "cancelTx": {
    "nonce": "0x1691",
  },
}
`;
